// Jest Snapshot v1, https://goo.gl/fbAQLP

exports[`Checks if it displays Arsenal or Spurs descriptions when buttons are clicked 1`] = `[Function]`;
